Component: ARM Compiler 5.06 update 7 (build 960) Tool: armlink [4d3601]

==============================================================================

Section Cross References

    stm32f10x.o(RESET) refers to stm32f10x.o(STACK) for __initial_sp
    stm32f10x.o(RESET) refers to stm32f10x.o(.text) for Reset_Handler
    stm32f10x.o(RESET) refers to port.o(.emb_text) for vPortSVCHandler
    stm32f10x.o(RESET) refers to port.o(.text) for xPortSysTickHandler
    stm32f10x.o(RESET) refers to main.o(.text) for EXTI0_IRQHandler
    stm32f10x.o(.text) refers to entry.o(.ARM.Collect$$$$00000000) for __main
    stm32f10x_usart.o(.text) refers to stm32f10x_rcc.o(.text) for RCC_APB2PeriphResetCmd
    stm32f10x_gpio.o(.text) refers to stm32f10x_rcc.o(.text) for RCC_APB2PeriphResetCmd
    stm32f10x_nvic.o(.text) refers to cortexm3_macro_rvds.o(.text) for __SETPRIMASK
    stm32f10x_rcc.o(.text) refers to stm32f10x_rcc.o(.constdata) for APBAHBPrescTable
    stm32f10x_spi.o(.text) refers to stm32f10x_rcc.o(.text) for RCC_APB2PeriphResetCmd
    stm32f10x_tim.o(.text) refers to stm32f10x_rcc.o(.text) for RCC_APB1PeriphResetCmd
    stm32f10x_tim.o(.text) refers to stm32f10x_tim.o(.constdata) for Tab_OCModeMask
    serial.o(.text) refers to stm32f10x_rcc.o(.text) for RCC_APB2PeriphClockCmd
    serial.o(.text) refers to stm32f10x_gpio.o(.text) for GPIO_Init
    serial.o(.text) refers to stm32f10x_usart.o(.text) for USART_Init
    main.o(.text) refers to printf1.o(i.__0printf$1) for __2printf
    main.o(.text) refers to stm32f10x_rcc.o(.text) for RCC_APB2PeriphClockCmd
    main.o(.text) refers to stm32f10x_gpio.o(.text) for GPIO_Init
    main.o(.text) refers to stm32f10x_exti.o(.text) for EXTI_Init
    main.o(.text) refers to stm32f10x_nvic.o(.text) for NVIC_Init
    main.o(.text) refers to tasks.o(.text) for xTaskGetTickCount
    main.o(.text) refers to timers.o(.text) for xTimerGenericCommand
    main.o(.text) refers to stm32f10x_systick.o(.text) for SysTick_CLKSourceConfig
    main.o(.text) refers to serial.o(.text) for SerialPortInit
    main.o(.text) refers to main.o(.data) for flagTimer
    tasks.o(.text) refers to list.o(.text) for vListInitialise
    tasks.o(.text) refers to port.o(.text) for vPortEnterCritical
    tasks.o(.text) refers to heap_2.o(.text) for pvPortMalloc
    tasks.o(.text) refers to tasks.o(.bss) for pxReadyTasksLists
    tasks.o(.text) refers to tasks.o(.data) for pxDelayedTaskList
    tasks.o(.text) refers to timers.o(.text) for xTimerCreateTimerTask
    queue.o(.text) refers to port.o(.text) for vPortEnterCritical
    queue.o(.text) refers to tasks.o(.text) for xTaskRemoveFromEventList
    queue.o(.text) refers to list.o(.text) for vListInitialise
    queue.o(.text) refers to heap_2.o(.text) for pvPortMalloc
    queue.o(.text) refers to memcpya.o(.text) for __aeabi_memcpy
    port.o(.emb_text) refers to tasks.o(.text) for vTaskSwitchContext
    port.o(.emb_text) refers to tasks.o(.data) for pxCurrentTCB
    port.o(.text) refers to port.o(.emb_text) for __asm___6_port_c_39a90d8d__prvStartFirstTask
    port.o(.text) refers to tasks.o(.text) for xTaskIncrementTick
    port.o(.text) refers to port.o(.data) for uxCriticalNesting
    heap_2.o(.text) refers to tasks.o(.text) for vTaskSuspendAll
    heap_2.o(.text) refers to heap_2.o(.bss) for ucHeap
    heap_2.o(.text) refers to heap_2.o(.data) for xStart
    event_groups.o(.text) refers to heap_2.o(.text) for pvPortMalloc
    event_groups.o(.text) refers to list.o(.text) for vListInitialise
    event_groups.o(.text) refers to tasks.o(.text) for vTaskSuspendAll
    event_groups.o(.text) refers to port.o(.text) for vPortEnterCritical
    timers.o(.text) refers to list.o(.text) for vListInsert
    timers.o(.text) refers to tasks.o(.text) for xTaskGetTickCount
    timers.o(.text) refers to heap_2.o(.text) for vPortFree
    timers.o(.text) refers to queue.o(.text) for xQueueReceive
    timers.o(.text) refers to port.o(.text) for vPortEnterCritical
    timers.o(.text) refers to timers.o(.data) for pxOverflowTimerList
    timers.o(.text) refers to timers.o(.bss) for xActiveTimerList1
    entry.o(.ARM.Collect$$$$00000000) refers (Special) to entry10a.o(.ARM.Collect$$$$0000000F) for __rt_final_cpp
    entry.o(.ARM.Collect$$$$00000000) refers (Special) to entry11a.o(.ARM.Collect$$$$00000011) for __rt_final_exit
    entry.o(.ARM.Collect$$$$00000000) refers (Special) to entry12b.o(.ARM.Collect$$$$0000000E) for __rt_lib_shutdown_fini
    entry.o(.ARM.Collect$$$$00000000) refers (Special) to entry7b.o(.ARM.Collect$$$$00000008) for _main_clock
    entry.o(.ARM.Collect$$$$00000000) refers (Special) to entry8b.o(.ARM.Collect$$$$0000000A) for _main_cpp_init
    entry.o(.ARM.Collect$$$$00000000) refers (Special) to entry9a.o(.ARM.Collect$$$$0000000B) for _main_init
    entry.o(.ARM.Collect$$$$00000000) refers (Special) to entry5.o(.ARM.Collect$$$$00000004) for _main_scatterload
    entry.o(.ARM.Collect$$$$00000000) refers (Special) to entry2.o(.ARM.Collect$$$$00000001) for _main_stk
    printfb.o(i.__0fprintf$bare) refers to printfb.o(i._printf_core) for _printf_core
    printfb.o(i.__0fprintf$bare) refers to serial.o(.text) for fputc
    printfb.o(i.__0printf$bare) refers to printfb.o(i._printf_core) for _printf_core
    printfb.o(i.__0printf$bare) refers to serial.o(.text) for fputc
    printfb.o(i.__0printf$bare) refers to stdout.o(.data) for __stdout
    printfb.o(i.__0snprintf$bare) refers to printfb.o(i._printf_core) for _printf_core
    printfb.o(i.__0snprintf$bare) refers to printfb.o(i._snputc) for _snputc
    printfb.o(i.__0sprintf$bare) refers to printfb.o(i._printf_core) for _printf_core
    printfb.o(i.__0sprintf$bare) refers to printfb.o(i._sputc) for _sputc
    printfb.o(i.__0vfprintf$bare) refers to printfb.o(i._printf_core) for _printf_core
    printfb.o(i.__0vfprintf$bare) refers to serial.o(.text) for fputc
    printfb.o(i.__0vprintf$bare) refers to printfb.o(i._printf_core) for _printf_core
    printfb.o(i.__0vprintf$bare) refers to serial.o(.text) for fputc
    printfb.o(i.__0vprintf$bare) refers to stdout.o(.data) for __stdout
    printfb.o(i.__0vsnprintf$bare) refers to printfb.o(i._printf_core) for _printf_core
    printfb.o(i.__0vsnprintf$bare) refers to printfb.o(i._snputc) for _snputc
    printfb.o(i.__0vsprintf$bare) refers to printfb.o(i._printf_core) for _printf_core
    printfb.o(i.__0vsprintf$bare) refers to printfb.o(i._sputc) for _sputc
    printf0.o(i.__0fprintf$0) refers to printf0.o(i._printf_core) for _printf_core
    printf0.o(i.__0fprintf$0) refers to serial.o(.text) for fputc
    printf0.o(i.__0printf$0) refers to printf0.o(i._printf_core) for _printf_core
    printf0.o(i.__0printf$0) refers to serial.o(.text) for fputc
    printf0.o(i.__0printf$0) refers to stdout.o(.data) for __stdout
    printf0.o(i.__0snprintf$0) refers to printf0.o(i._printf_core) for _printf_core
    printf0.o(i.__0snprintf$0) refers to printf0.o(i._snputc) for _snputc
    printf0.o(i.__0sprintf$0) refers to printf0.o(i._printf_core) for _printf_core
    printf0.o(i.__0sprintf$0) refers to printf0.o(i._sputc) for _sputc
    printf0.o(i.__0vfprintf$0) refers to printf0.o(i._printf_core) for _printf_core
    printf0.o(i.__0vfprintf$0) refers to serial.o(.text) for fputc
    printf0.o(i.__0vprintf$0) refers to printf0.o(i._printf_core) for _printf_core
    printf0.o(i.__0vprintf$0) refers to serial.o(.text) for fputc
    printf0.o(i.__0vprintf$0) refers to stdout.o(.data) for __stdout
    printf0.o(i.__0vsnprintf$0) refers to printf0.o(i._printf_core) for _printf_core
    printf0.o(i.__0vsnprintf$0) refers to printf0.o(i._snputc) for _snputc
    printf0.o(i.__0vsprintf$0) refers to printf0.o(i._printf_core) for _printf_core
    printf0.o(i.__0vsprintf$0) refers to printf0.o(i._sputc) for _sputc
    printf1.o(i.__0fprintf$1) refers to printf1.o(i._printf_core) for _printf_core
    printf1.o(i.__0fprintf$1) refers to serial.o(.text) for fputc
    printf1.o(i.__0printf$1) refers to printf1.o(i._printf_core) for _printf_core
    printf1.o(i.__0printf$1) refers to serial.o(.text) for fputc
    printf1.o(i.__0printf$1) refers to stdout.o(.data) for __stdout
    printf1.o(i.__0snprintf$1) refers to printf1.o(i._printf_core) for _printf_core
    printf1.o(i.__0snprintf$1) refers to printf1.o(i._snputc) for _snputc
    printf1.o(i.__0sprintf$1) refers to printf1.o(i._printf_core) for _printf_core
    printf1.o(i.__0sprintf$1) refers to printf1.o(i._sputc) for _sputc
    printf1.o(i.__0vfprintf$1) refers to printf1.o(i._printf_core) for _printf_core
    printf1.o(i.__0vfprintf$1) refers to serial.o(.text) for fputc
    printf1.o(i.__0vprintf$1) refers to printf1.o(i._printf_core) for _printf_core
    printf1.o(i.__0vprintf$1) refers to serial.o(.text) for fputc
    printf1.o(i.__0vprintf$1) refers to stdout.o(.data) for __stdout
    printf1.o(i.__0vsnprintf$1) refers to printf1.o(i._printf_core) for _printf_core
    printf1.o(i.__0vsnprintf$1) refers to printf1.o(i._snputc) for _snputc
    printf1.o(i.__0vsprintf$1) refers to printf1.o(i._printf_core) for _printf_core
    printf1.o(i.__0vsprintf$1) refers to printf1.o(i._sputc) for _sputc
    printf1.o(i._printf_core) refers to uidiv.o(.text) for __aeabi_uidivmod
    printf2.o(i.__0fprintf$2) refers to printf2.o(i._printf_core) for _printf_core
    printf2.o(i.__0fprintf$2) refers to serial.o(.text) for fputc
    printf2.o(i.__0printf$2) refers to printf2.o(i._printf_core) for _printf_core
    printf2.o(i.__0printf$2) refers to serial.o(.text) for fputc
    printf2.o(i.__0printf$2) refers to stdout.o(.data) for __stdout
    printf2.o(i.__0snprintf$2) refers to printf2.o(i._printf_core) for _printf_core
    printf2.o(i.__0snprintf$2) refers to printf2.o(i._snputc) for _snputc
    printf2.o(i.__0sprintf$2) refers to printf2.o(i._printf_core) for _printf_core
    printf2.o(i.__0sprintf$2) refers to printf2.o(i._sputc) for _sputc
    printf2.o(i.__0vfprintf$2) refers to printf2.o(i._printf_core) for _printf_core
    printf2.o(i.__0vfprintf$2) refers to serial.o(.text) for fputc
    printf2.o(i.__0vprintf$2) refers to printf2.o(i._printf_core) for _printf_core
    printf2.o(i.__0vprintf$2) refers to serial.o(.text) for fputc
    printf2.o(i.__0vprintf$2) refers to stdout.o(.data) for __stdout
    printf2.o(i.__0vsnprintf$2) refers to printf2.o(i._printf_core) for _printf_core
    printf2.o(i.__0vsnprintf$2) refers to printf2.o(i._snputc) for _snputc
    printf2.o(i.__0vsprintf$2) refers to printf2.o(i._printf_core) for _printf_core
    printf2.o(i.__0vsprintf$2) refers to printf2.o(i._sputc) for _sputc
    printf3.o(i.__0fprintf$3) refers to printf3.o(i._printf_core) for _printf_core
    printf3.o(i.__0fprintf$3) refers to serial.o(.text) for fputc
    printf3.o(i.__0printf$3) refers to printf3.o(i._printf_core) for _printf_core
    printf3.o(i.__0printf$3) refers to serial.o(.text) for fputc
    printf3.o(i.__0printf$3) refers to stdout.o(.data) for __stdout
    printf3.o(i.__0snprintf$3) refers to printf3.o(i._printf_core) for _printf_core
    printf3.o(i.__0snprintf$3) refers to printf3.o(i._snputc) for _snputc
    printf3.o(i.__0sprintf$3) refers to printf3.o(i._printf_core) for _printf_core
    printf3.o(i.__0sprintf$3) refers to printf3.o(i._sputc) for _sputc
    printf3.o(i.__0vfprintf$3) refers to printf3.o(i._printf_core) for _printf_core
    printf3.o(i.__0vfprintf$3) refers to serial.o(.text) for fputc
    printf3.o(i.__0vprintf$3) refers to printf3.o(i._printf_core) for _printf_core
    printf3.o(i.__0vprintf$3) refers to serial.o(.text) for fputc
    printf3.o(i.__0vprintf$3) refers to stdout.o(.data) for __stdout
    printf3.o(i.__0vsnprintf$3) refers to printf3.o(i._printf_core) for _printf_core
    printf3.o(i.__0vsnprintf$3) refers to printf3.o(i._snputc) for _snputc
    printf3.o(i.__0vsprintf$3) refers to printf3.o(i._printf_core) for _printf_core
    printf3.o(i.__0vsprintf$3) refers to printf3.o(i._sputc) for _sputc
    printf3.o(i._printf_core) refers to uidiv.o(.text) for __aeabi_uidivmod
    printf4.o(i.__0fprintf$4) refers to printf4.o(i._printf_core) for _printf_core
    printf4.o(i.__0fprintf$4) refers to serial.o(.text) for fputc
    printf4.o(i.__0printf$4) refers to printf4.o(i._printf_core) for _printf_core
    printf4.o(i.__0printf$4) refers to serial.o(.text) for fputc
    printf4.o(i.__0printf$4) refers to stdout.o(.data) for __stdout
    printf4.o(i.__0snprintf$4) refers to printf4.o(i._printf_core) for _printf_core
    printf4.o(i.__0snprintf$4) refers to printf4.o(i._snputc) for _snputc
    printf4.o(i.__0sprintf$4) refers to printf4.o(i._printf_core) for _printf_core
    printf4.o(i.__0sprintf$4) refers to printf4.o(i._sputc) for _sputc
    printf4.o(i.__0vfprintf$4) refers to printf4.o(i._printf_core) for _printf_core
    printf4.o(i.__0vfprintf$4) refers to serial.o(.text) for fputc
    printf4.o(i.__0vprintf$4) refers to printf4.o(i._printf_core) for _printf_core
    printf4.o(i.__0vprintf$4) refers to serial.o(.text) for fputc
    printf4.o(i.__0vprintf$4) refers to stdout.o(.data) for __stdout
    printf4.o(i.__0vsnprintf$4) refers to printf4.o(i._printf_core) for _printf_core
    printf4.o(i.__0vsnprintf$4) refers to printf4.o(i._snputc) for _snputc
    printf4.o(i.__0vsprintf$4) refers to printf4.o(i._printf_core) for _printf_core
    printf4.o(i.__0vsprintf$4) refers to printf4.o(i._sputc) for _sputc
    printf4.o(i._printf_core) refers to uldiv.o(.text) for __aeabi_uldivmod
    printf5.o(i.__0fprintf$5) refers to printf5.o(i._printf_core) for _printf_core
    printf5.o(i.__0fprintf$5) refers to serial.o(.text) for fputc
    printf5.o(i.__0printf$5) refers to printf5.o(i._printf_core) for _printf_core
    printf5.o(i.__0printf$5) refers to serial.o(.text) for fputc
    printf5.o(i.__0printf$5) refers to stdout.o(.data) for __stdout
    printf5.o(i.__0snprintf$5) refers to printf5.o(i._printf_core) for _printf_core
    printf5.o(i.__0snprintf$5) refers to printf5.o(i._snputc) for _snputc
    printf5.o(i.__0sprintf$5) refers to printf5.o(i._printf_core) for _printf_core
    printf5.o(i.__0sprintf$5) refers to printf5.o(i._sputc) for _sputc
    printf5.o(i.__0vfprintf$5) refers to printf5.o(i._printf_core) for _printf_core
    printf5.o(i.__0vfprintf$5) refers to serial.o(.text) for fputc
    printf5.o(i.__0vprintf$5) refers to printf5.o(i._printf_core) for _printf_core
    printf5.o(i.__0vprintf$5) refers to serial.o(.text) for fputc
    printf5.o(i.__0vprintf$5) refers to stdout.o(.data) for __stdout
    printf5.o(i.__0vsnprintf$5) refers to printf5.o(i._printf_core) for _printf_core
    printf5.o(i.__0vsnprintf$5) refers to printf5.o(i._snputc) for _snputc
    printf5.o(i.__0vsprintf$5) refers to printf5.o(i._printf_core) for _printf_core
    printf5.o(i.__0vsprintf$5) refers to printf5.o(i._sputc) for _sputc
    printf5.o(i._printf_core) refers to uldiv.o(.text) for __aeabi_uldivmod
    printf6.o(i.__0fprintf$6) refers to printf6.o(i._printf_core) for _printf_core
    printf6.o(i.__0fprintf$6) refers to serial.o(.text) for fputc
    printf6.o(i.__0printf$6) refers to printf6.o(i._printf_core) for _printf_core
    printf6.o(i.__0printf$6) refers to serial.o(.text) for fputc
    printf6.o(i.__0printf$6) refers to stdout.o(.data) for __stdout
    printf6.o(i.__0snprintf$6) refers to printf6.o(i._printf_core) for _printf_core
    printf6.o(i.__0snprintf$6) refers to printf6.o(i._snputc) for _snputc
    printf6.o(i.__0sprintf$6) refers to printf6.o(i._printf_core) for _printf_core
    printf6.o(i.__0sprintf$6) refers to printf6.o(i._sputc) for _sputc
    printf6.o(i.__0vfprintf$6) refers to printf6.o(i._printf_core) for _printf_core
    printf6.o(i.__0vfprintf$6) refers to serial.o(.text) for fputc
    printf6.o(i.__0vprintf$6) refers to printf6.o(i._printf_core) for _printf_core
    printf6.o(i.__0vprintf$6) refers to serial.o(.text) for fputc
    printf6.o(i.__0vprintf$6) refers to stdout.o(.data) for __stdout
    printf6.o(i.__0vsnprintf$6) refers to printf6.o(i._printf_core) for _printf_core
    printf6.o(i.__0vsnprintf$6) refers to printf6.o(i._snputc) for _snputc
    printf6.o(i.__0vsprintf$6) refers to printf6.o(i._printf_core) for _printf_core
    printf6.o(i.__0vsprintf$6) refers to printf6.o(i._sputc) for _sputc
    printf6.o(i._printf_core) refers to printf6.o(i._printf_pre_padding) for _printf_pre_padding
    printf6.o(i._printf_core) refers to uidiv.o(.text) for __aeabi_uidivmod
    printf6.o(i._printf_core) refers to printf6.o(i._printf_post_padding) for _printf_post_padding
    printf7.o(i.__0fprintf$7) refers to printf7.o(i._printf_core) for _printf_core
    printf7.o(i.__0fprintf$7) refers to serial.o(.text) for fputc
    printf7.o(i.__0printf$7) refers to printf7.o(i._printf_core) for _printf_core
    printf7.o(i.__0printf$7) refers to serial.o(.text) for fputc
    printf7.o(i.__0printf$7) refers to stdout.o(.data) for __stdout
    printf7.o(i.__0snprintf$7) refers to printf7.o(i._printf_core) for _printf_core
    printf7.o(i.__0snprintf$7) refers to printf7.o(i._snputc) for _snputc
    printf7.o(i.__0sprintf$7) refers to printf7.o(i._printf_core) for _printf_core
    printf7.o(i.__0sprintf$7) refers to printf7.o(i._sputc) for _sputc
    printf7.o(i.__0vfprintf$7) refers to printf7.o(i._printf_core) for _printf_core
    printf7.o(i.__0vfprintf$7) refers to serial.o(.text) for fputc
    printf7.o(i.__0vprintf$7) refers to printf7.o(i._printf_core) for _printf_core
    printf7.o(i.__0vprintf$7) refers to serial.o(.text) for fputc
    printf7.o(i.__0vprintf$7) refers to stdout.o(.data) for __stdout
    printf7.o(i.__0vsnprintf$7) refers to printf7.o(i._printf_core) for _printf_core
    printf7.o(i.__0vsnprintf$7) refers to printf7.o(i._snputc) for _snputc
    printf7.o(i.__0vsprintf$7) refers to printf7.o(i._printf_core) for _printf_core
    printf7.o(i.__0vsprintf$7) refers to printf7.o(i._sputc) for _sputc
    printf7.o(i._printf_core) refers to printf7.o(i._printf_pre_padding) for _printf_pre_padding
    printf7.o(i._printf_core) refers to uldiv.o(.text) for __aeabi_uldivmod
    printf7.o(i._printf_core) refers to printf7.o(i._printf_post_padding) for _printf_post_padding
    printf8.o(i.__0fprintf$8) refers to printf8.o(i._printf_core) for _printf_core
    printf8.o(i.__0fprintf$8) refers to serial.o(.text) for fputc
    printf8.o(i.__0printf$8) refers to printf8.o(i._printf_core) for _printf_core
    printf8.o(i.__0printf$8) refers to serial.o(.text) for fputc
    printf8.o(i.__0printf$8) refers to stdout.o(.data) for __stdout
    printf8.o(i.__0snprintf$8) refers to printf8.o(i._printf_core) for _printf_core
    printf8.o(i.__0snprintf$8) refers to printf8.o(i._snputc) for _snputc
    printf8.o(i.__0sprintf$8) refers to printf8.o(i._printf_core) for _printf_core
    printf8.o(i.__0sprintf$8) refers to printf8.o(i._sputc) for _sputc
    printf8.o(i.__0vfprintf$8) refers to printf8.o(i._printf_core) for _printf_core
    printf8.o(i.__0vfprintf$8) refers to serial.o(.text) for fputc
    printf8.o(i.__0vprintf$8) refers to printf8.o(i._printf_core) for _printf_core
    printf8.o(i.__0vprintf$8) refers to serial.o(.text) for fputc
    printf8.o(i.__0vprintf$8) refers to stdout.o(.data) for __stdout
    printf8.o(i.__0vsnprintf$8) refers to printf8.o(i._printf_core) for _printf_core
    printf8.o(i.__0vsnprintf$8) refers to printf8.o(i._snputc) for _snputc
    printf8.o(i.__0vsprintf$8) refers to printf8.o(i._printf_core) for _printf_core
    printf8.o(i.__0vsprintf$8) refers to printf8.o(i._sputc) for _sputc
    printf8.o(i._printf_core) refers to printf8.o(i._printf_pre_padding) for _printf_pre_padding
    printf8.o(i._printf_core) refers to uldiv.o(.text) for __aeabi_uldivmod
    printf8.o(i._printf_core) refers to printf8.o(i._printf_post_padding) for _printf_post_padding
    printfa.o(i.__0fprintf) refers (Special) to iusefp.o(.text) for __I$use$fp
    printfa.o(i.__0fprintf) refers to printfa.o(i._printf_core) for _printf_core
    printfa.o(i.__0fprintf) refers to serial.o(.text) for fputc
    printfa.o(i.__0printf) refers (Special) to iusefp.o(.text) for __I$use$fp
    printfa.o(i.__0printf) refers to printfa.o(i._printf_core) for _printf_core
    printfa.o(i.__0printf) refers to serial.o(.text) for fputc
    printfa.o(i.__0printf) refers to stdout.o(.data) for __stdout
    printfa.o(i.__0snprintf) refers (Special) to iusefp.o(.text) for __I$use$fp
    printfa.o(i.__0snprintf) refers to printfa.o(i._printf_core) for _printf_core
    printfa.o(i.__0snprintf) refers to printfa.o(i._snputc) for _snputc
    printfa.o(i.__0sprintf) refers (Special) to iusefp.o(.text) for __I$use$fp
    printfa.o(i.__0sprintf) refers to printfa.o(i._printf_core) for _printf_core
    printfa.o(i.__0sprintf) refers to printfa.o(i._sputc) for _sputc
    printfa.o(i.__0vfprintf) refers (Special) to iusefp.o(.text) for __I$use$fp
    printfa.o(i.__0vfprintf) refers to printfa.o(i._printf_core) for _printf_core
    printfa.o(i.__0vfprintf) refers to serial.o(.text) for fputc
    printfa.o(i.__0vprintf) refers (Special) to iusefp.o(.text) for __I$use$fp
    printfa.o(i.__0vprintf) refers to printfa.o(i._printf_core) for _printf_core
    printfa.o(i.__0vprintf) refers to serial.o(.text) for fputc
    printfa.o(i.__0vprintf) refers to stdout.o(.data) for __stdout
    printfa.o(i.__0vsnprintf) refers (Special) to iusefp.o(.text) for __I$use$fp
    printfa.o(i.__0vsnprintf) refers to printfa.o(i._printf_core) for _printf_core
    printfa.o(i.__0vsnprintf) refers to printfa.o(i._snputc) for _snputc
    printfa.o(i.__0vsprintf) refers (Special) to iusefp.o(.text) for __I$use$fp
    printfa.o(i.__0vsprintf) refers to printfa.o(i._printf_core) for _printf_core
    printfa.o(i.__0vsprintf) refers to printfa.o(i._sputc) for _sputc
    printfa.o(i._fp_digits) refers (Special) to iusefp.o(.text) for __I$use$fp
    printfa.o(i._fp_digits) refers to dmul.o(.text) for __aeabi_dmul
    printfa.o(i._fp_digits) refers to ddiv.o(.text) for __aeabi_ddiv
    printfa.o(i._fp_digits) refers to cdrcmple.o(.text) for __aeabi_cdrcmple
    printfa.o(i._fp_digits) refers to dadd.o(.text) for __aeabi_dadd
    printfa.o(i._fp_digits) refers to dfixul.o(.text) for __aeabi_d2ulz
    printfa.o(i._fp_digits) refers to uldiv.o(.text) for __aeabi_uldivmod
    printfa.o(i._printf_core) refers (Special) to iusefp.o(.text) for __I$use$fp
    printfa.o(i._printf_core) refers to printfa.o(i._printf_pre_padding) for _printf_pre_padding
    printfa.o(i._printf_core) refers to uldiv.o(.text) for __aeabi_uldivmod
    printfa.o(i._printf_core) refers to printfa.o(i._printf_post_padding) for _printf_post_padding
    printfa.o(i._printf_core) refers to printfa.o(i._fp_digits) for _fp_digits
    printfa.o(i._printf_core) refers to uidiv.o(.text) for __aeabi_uidivmod
    printfa.o(i._printf_post_padding) refers (Special) to iusefp.o(.text) for __I$use$fp
    printfa.o(i._printf_pre_padding) refers (Special) to iusefp.o(.text) for __I$use$fp
    printfa.o(i._snputc) refers (Special) to iusefp.o(.text) for __I$use$fp
    printfa.o(i._sputc) refers (Special) to iusefp.o(.text) for __I$use$fp
    entry2.o(.ARM.Collect$$$$00000001) refers to entry2.o(.ARM.Collect$$$$00002712) for __lit__00000000
    entry2.o(.ARM.Collect$$$$00002712) refers to stm32f10x.o(STACK) for __initial_sp
    entry2.o(__vectab_stack_and_reset_area) refers to stm32f10x.o(STACK) for __initial_sp
    entry2.o(__vectab_stack_and_reset_area) refers to entry.o(.ARM.Collect$$$$00000000) for __main
    entry5.o(.ARM.Collect$$$$00000004) refers to init.o(.text) for __scatterload
    entry9a.o(.ARM.Collect$$$$0000000B) refers to main.o(.text) for main
    entry9b.o(.ARM.Collect$$$$0000000C) refers to main.o(.text) for main
    uldiv.o(.text) refers to llushr.o(.text) for __aeabi_llsr
    uldiv.o(.text) refers to llshl.o(.text) for __aeabi_llsl
    dadd.o(.text) refers to llshl.o(.text) for __aeabi_llsl
    dadd.o(.text) refers to llsshr.o(.text) for __aeabi_lasr
    dadd.o(.text) refers to depilogue.o(.text) for _double_epilogue
    dmul.o(.text) refers to depilogue.o(.text) for _double_epilogue
    ddiv.o(.text) refers to depilogue.o(.text) for _double_round
    dfixul.o(.text) refers to llushr.o(.text) for __aeabi_llsr
    dfixul.o(.text) refers to llshl.o(.text) for __aeabi_llsl
    init.o(.text) refers to entry5.o(.ARM.Collect$$$$00000004) for __main_after_scatterload
    depilogue.o(.text) refers to llshl.o(.text) for __aeabi_llsl
    depilogue.o(.text) refers to llushr.o(.text) for __aeabi_llsr


==============================================================================

Removing Unused input sections from the image.

    Removing stm32f10x.o(HEAP), (0 bytes).
    Removing stm32f10x_spi.o(.text), (532 bytes).
    Removing stm32f10x_tim.o(.text), (2148 bytes).
    Removing stm32f10x_tim.o(.constdata), (16 bytes).
    Removing event_groups.o(.text), (716 bytes).
    Removing dadd.o(.text), (334 bytes).
    Removing dmul.o(.text), (228 bytes).
    Removing ddiv.o(.text), (222 bytes).
    Removing dfixul.o(.text), (48 bytes).
    Removing cdrcmple.o(.text), (48 bytes).
    Removing depilogue.o(.text), (186 bytes).

11 unused section(s) (total 4478 bytes) removed from the image.

==============================================================================

Image Symbol Table

    Local Symbols

    Symbol Name                              Value     Ov Type        Size  Object(Section)

    ../clib/microlib/division.c              0x00000000   Number         0  uldiv.o ABSOLUTE
    ../clib/microlib/division.c              0x00000000   Number         0  uidiv.o ABSOLUTE
    ../clib/microlib/init/entry.s            0x00000000   Number         0  entry9b.o ABSOLUTE
    ../clib/microlib/init/entry.s            0x00000000   Number         0  entry12a.o ABSOLUTE
    ../clib/microlib/init/entry.s            0x00000000   Number         0  entry11b.o ABSOLUTE
    ../clib/microlib/init/entry.s            0x00000000   Number         0  entry11a.o ABSOLUTE
    ../clib/microlib/init/entry.s            0x00000000   Number         0  entry10b.o ABSOLUTE
    ../clib/microlib/init/entry.s            0x00000000   Number         0  entry10a.o ABSOLUTE
    ../clib/microlib/init/entry.s            0x00000000   Number         0  entry9a.o ABSOLUTE
    ../clib/microlib/init/entry.s            0x00000000   Number         0  entry8b.o ABSOLUTE
    ../clib/microlib/init/entry.s            0x00000000   Number         0  entry8a.o ABSOLUTE
    ../clib/microlib/init/entry.s            0x00000000   Number         0  entry7b.o ABSOLUTE
    ../clib/microlib/init/entry.s            0x00000000   Number         0  entry7a.o ABSOLUTE
    ../clib/microlib/init/entry.s            0x00000000   Number         0  entry5.o ABSOLUTE
    ../clib/microlib/init/entry.s            0x00000000   Number         0  entry2.o ABSOLUTE
    ../clib/microlib/init/entry.s            0x00000000   Number         0  entry12b.o ABSOLUTE
    ../clib/microlib/init/entry.s            0x00000000   Number         0  entry.o ABSOLUTE
    ../clib/microlib/longlong.c              0x00000000   Number         0  llsshr.o ABSOLUTE
    ../clib/microlib/longlong.c              0x00000000   Number         0  llushr.o ABSOLUTE
    ../clib/microlib/longlong.c              0x00000000   Number         0  llshl.o ABSOLUTE
    ../clib/microlib/printf/printf.c         0x00000000   Number         0  printf2.o ABSOLUTE
    ../clib/microlib/printf/printf.c         0x00000000   Number         0  printf3.o ABSOLUTE
    ../clib/microlib/printf/printf.c         0x00000000   Number         0  printf4.o ABSOLUTE
    ../clib/microlib/printf/printf.c         0x00000000   Number         0  printf8.o ABSOLUTE
    ../clib/microlib/printf/printf.c         0x00000000   Number         0  printf5.o ABSOLUTE
    ../clib/microlib/printf/printf.c         0x00000000   Number         0  printf6.o ABSOLUTE
    ../clib/microlib/printf/printf.c         0x00000000   Number         0  printf7.o ABSOLUTE
    ../clib/microlib/printf/printf.c         0x00000000   Number         0  printfa.o ABSOLUTE
    ../clib/microlib/printf/printf.c         0x00000000   Number         0  printf1.o ABSOLUTE
    ../clib/microlib/printf/printf.c         0x00000000   Number         0  printf0.o ABSOLUTE
    ../clib/microlib/printf/printf.c         0x00000000   Number         0  printfb.o ABSOLUTE
    ../clib/microlib/printf/stubs.s          0x00000000   Number         0  stubs.o ABSOLUTE
    ../clib/microlib/stdio/streams.c         0x00000000   Number         0  stdout.o ABSOLUTE
    ../clib/microlib/string/memcpy.c         0x00000000   Number         0  memcpyb.o ABSOLUTE
    ../clib/microlib/string/memcpy.c         0x00000000   Number         0  memcpya.o ABSOLUTE
    ../clib/microlib/stubs.s                 0x00000000   Number         0  iusefp.o ABSOLUTE
    ../fplib/microlib/fpadd.c                0x00000000   Number         0  dadd.o ABSOLUTE
    ../fplib/microlib/fpdiv.c                0x00000000   Number         0  ddiv.o ABSOLUTE
    ../fplib/microlib/fpepilogue.c           0x00000000   Number         0  depilogue.o ABSOLUTE
    ../fplib/microlib/fpfix.c                0x00000000   Number         0  dfixul.o ABSOLUTE
    ../fplib/microlib/fpmul.c                0x00000000   Number         0  dmul.o ABSOLUTE
    ..\..\Source\event_groups.c              0x00000000   Number         0  event_groups.o ABSOLUTE
    ..\..\Source\list.c                      0x00000000   Number         0  list.o ABSOLUTE
    ..\..\Source\portable\MemMang\heap_2.c   0x00000000   Number         0  heap_2.o ABSOLUTE
    ..\..\Source\portable\RVDS\ARM_CM3\port.c 0x00000000   Number         0  port.o ABSOLUTE
    ..\..\Source\queue.c                     0x00000000   Number         0  queue.o ABSOLUTE
    ..\..\Source\tasks.c                     0x00000000   Number         0  tasks.o ABSOLUTE
    ..\..\Source\timers.c                    0x00000000   Number         0  timers.o ABSOLUTE
    ..\Common\drivers\ST\STM32F10xFWLib\src\cortexm3_macro_rvds.s 0x00000000   Number         0  cortexm3_macro_rvds.o ABSOLUTE
    ..\\..\\Source\\portable\\RVDS\\ARM_CM3\\port.c 0x00000000   Number         0  port.o ABSOLUTE
    STM32F10x.s                              0x00000000   Number         0  stm32f10x.o ABSOLUTE
    STM32F10xFWLib\src\stm32f10x_exti.c      0x00000000   Number         0  stm32f10x_exti.o ABSOLUTE
    STM32F10xFWLib\src\stm32f10x_gpio.c      0x00000000   Number         0  stm32f10x_gpio.o ABSOLUTE
    STM32F10xFWLib\src\stm32f10x_lib.c       0x00000000   Number         0  stm32f10x_lib.o ABSOLUTE
    STM32F10xFWLib\src\stm32f10x_nvic.c      0x00000000   Number         0  stm32f10x_nvic.o ABSOLUTE
    STM32F10xFWLib\src\stm32f10x_rcc.c       0x00000000   Number         0  stm32f10x_rcc.o ABSOLUTE
    STM32F10xFWLib\src\stm32f10x_spi.c       0x00000000   Number         0  stm32f10x_spi.o ABSOLUTE
    STM32F10xFWLib\src\stm32f10x_systick.c   0x00000000   Number         0  stm32f10x_systick.o ABSOLUTE
    STM32F10xFWLib\src\stm32f10x_tim.c       0x00000000   Number         0  stm32f10x_tim.o ABSOLUTE
    STM32F10xFWLib\src\stm32f10x_usart.c     0x00000000   Number         0  stm32f10x_usart.o ABSOLUTE
    cdrcmple.s                               0x00000000   Number         0  cdrcmple.o ABSOLUTE
    dc.s                                     0x00000000   Number         0  dc.o ABSOLUTE
    handlers.s                               0x00000000   Number         0  handlers.o ABSOLUTE
    init.s                                   0x00000000   Number         0  init.o ABSOLUTE
    main.c                                   0x00000000   Number         0  main.o ABSOLUTE
    serial\serial.c                          0x00000000   Number         0  serial.o ABSOLUTE
    RESET                                    0x08000000   Section      236  stm32f10x.o(RESET)
    .ARM.Collect$$$$00000000                 0x080000ec   Section        0  entry.o(.ARM.Collect$$$$00000000)
    .ARM.Collect$$$$00000001                 0x080000ec   Section        4  entry2.o(.ARM.Collect$$$$00000001)
    .ARM.Collect$$$$00000004                 0x080000f0   Section        4  entry5.o(.ARM.Collect$$$$00000004)
    .ARM.Collect$$$$00000008                 0x080000f4   Section        0  entry7b.o(.ARM.Collect$$$$00000008)
    .ARM.Collect$$$$0000000A                 0x080000f4   Section        0  entry8b.o(.ARM.Collect$$$$0000000A)
    .ARM.Collect$$$$0000000B                 0x080000f4   Section        8  entry9a.o(.ARM.Collect$$$$0000000B)
    .ARM.Collect$$$$0000000E                 0x080000fc   Section        4  entry12b.o(.ARM.Collect$$$$0000000E)
    .ARM.Collect$$$$0000000F                 0x08000100   Section        0  entry10a.o(.ARM.Collect$$$$0000000F)
    .ARM.Collect$$$$00000011                 0x08000100   Section        0  entry11a.o(.ARM.Collect$$$$00000011)
    .ARM.Collect$$$$00002712                 0x08000100   Section        4  entry2.o(.ARM.Collect$$$$00002712)
    __lit__00000000                          0x08000100   Data           4  entry2.o(.ARM.Collect$$$$00002712)
    .emb_text                                0x08000104   Section      150  port.o(.emb_text)
    .text                                    0x0800019c   Section       28  stm32f10x.o(.text)
    .text                                    0x080001b8   Section      110  cortexm3_macro_rvds.o(.text)
    .text                                    0x08000228   Section        0  stm32f10x_usart.o(.text)
    .text                                    0x0800054c   Section        0  stm32f10x_gpio.o(.text)
    .text                                    0x0800082c   Section        0  stm32f10x_nvic.o(.text)
    .text                                    0x08000c0c   Section        0  stm32f10x_rcc.o(.text)
    .text                                    0x08000f88   Section        0  stm32f10x_systick.o(.text)
    .text                                    0x0800104c   Section        0  stm32f10x_exti.o(.text)
    .text                                    0x08001170   Section        0  serial.o(.text)
    .text                                    0x08001218   Section        0  main.o(.text)
    prvSetupHardware                         0x080012fd   Thumb Code   142  main.o(.text)
    .text                                    0x08001440   Section        0  tasks.o(.text)
    prvInitialiseTaskLists                   0x08001441   Thumb Code    70  tasks.o(.text)
    prvAddNewTaskToReadyList                 0x08001487   Thumb Code   200  tasks.o(.text)
    prvInitialiseNewTask                     0x0800154f   Thumb Code   138  tasks.o(.text)
    prvResetNextTaskUnblockTime              0x08001639   Thumb Code    40  tasks.o(.text)
    prvDeleteTCB                             0x08001661   Thumb Code    18  tasks.o(.text)
    prvAddCurrentTaskToDelayedList           0x08001a05   Thumb Code   164  tasks.o(.text)
    prvTaskIsTaskSuspended                   0x08001df1   Thumb Code    56  tasks.o(.text)
    prvCheckTasksWaitingTermination          0x08001f83   Thumb Code    60  tasks.o(.text)
    prvIdleTask                              0x08001fbf   Thumb Code    32  tasks.o(.text)
    .text                                    0x08002a40   Section        0  list.o(.text)
    .text                                    0x08002ad4   Section        0  queue.o(.text)
    prvInitialiseNewQueue                    0x08002b71   Thumb Code    38  queue.o(.text)
    prvUnlockQueue                           0x08002be3   Thumb Code   126  queue.o(.text)
    prvIsQueueFull                           0x08002c61   Thumb Code    30  queue.o(.text)
    prvCopyDataToQueue                       0x08002c7f   Thumb Code   106  queue.o(.text)
    prvIsQueueEmpty                          0x08002eff   Thumb Code    26  queue.o(.text)
    prvCopyDataFromQueue                     0x08002f19   Thumb Code    50  queue.o(.text)
    .text                                    0x080033bc   Section        0  port.o(.text)
    prvTaskExitError                         0x080033bd   Thumb Code    22  port.o(.text)
    .text                                    0x080034ac   Section        0  heap_2.o(.text)
    prvHeapInit                              0x080034ad   Thumb Code    42  heap_2.o(.text)
    .text                                    0x080035e8   Section        0  timers.o(.text)
    prvInsertTimerInActiveList               0x080035e9   Thumb Code    80  timers.o(.text)
    prvReloadTimer                           0x08003639   Thumb Code    40  timers.o(.text)
    prvProcessExpiredTimer                   0x08003661   Thumb Code    62  timers.o(.text)
    prvSwitchTimerLists                      0x0800369f   Thumb Code    58  timers.o(.text)
    prvSampleTimeNow                         0x080036d9   Thumb Code    40  timers.o(.text)
    prvProcessReceivedCommands               0x08003701   Thumb Code   244  timers.o(.text)
    prvProcessTimerOrBlockTask               0x080037f5   Thumb Code   102  timers.o(.text)
    prvGetNextExpireTime                     0x0800385b   Thumb Code    36  timers.o(.text)
    prvTimerTask                             0x0800387f   Thumb Code    26  timers.o(.text)
    prvCheckForValidListAndQueue             0x08003899   Thumb Code    56  timers.o(.text)
    prvInitialiseNewTimer                    0x080038f9   Thumb Code    56  timers.o(.text)
    .text                                    0x08003ab2   Section        0  memcpya.o(.text)
    .text                                    0x08003ad6   Section        0  uidiv.o(.text)
    .text                                    0x08003b04   Section       36  init.o(.text)
    i.__0printf$1                            0x08003b28   Section        0  printf1.o(i.__0printf$1)
    i.__scatterload_copy                     0x08003b48   Section       14  handlers.o(i.__scatterload_copy)
    i.__scatterload_null                     0x08003b56   Section        2  handlers.o(i.__scatterload_null)
    i.__scatterload_zeroinit                 0x08003b58   Section       14  handlers.o(i.__scatterload_zeroinit)
    i._printf_core                           0x08003b68   Section        0  printf1.o(i._printf_core)
    _printf_core                             0x08003b69   Thumb Code   336  printf1.o(i._printf_core)
    .constdata                               0x08003cbc   Section       20  stm32f10x_rcc.o(.constdata)
    APBAHBPrescTable                         0x08003cbc   Data          16  stm32f10x_rcc.o(.constdata)
    ADCPrescTable                            0x08003ccc   Data           4  stm32f10x_rcc.o(.constdata)
    .data                                    0x20000000   Section       16  main.o(.data)
    xMyTimerHandle                           0x20000000   Data           4  main.o(.data)
    flagTimer                                0x20000004   Data           4  main.o(.data)
    cnt                                      0x20000008   Data           4  main.o(.data)
    cnt                                      0x2000000c   Data           4  main.o(.data)
    .data                                    0x20000010   Section       64  tasks.o(.data)
    pxDelayedTaskList                        0x20000014   Data           4  tasks.o(.data)
    pxOverflowDelayedTaskList                0x20000018   Data           4  tasks.o(.data)
    uxDeletedTasksWaitingCleanUp             0x2000001c   Data           4  tasks.o(.data)
    uxCurrentNumberOfTasks                   0x20000020   Data           4  tasks.o(.data)
    xTickCount                               0x20000024   Data           4  tasks.o(.data)
    uxTopReadyPriority                       0x20000028   Data           4  tasks.o(.data)
    xSchedulerRunning                        0x2000002c   Data           4  tasks.o(.data)
    xPendedTicks                             0x20000030   Data           4  tasks.o(.data)
    xYieldPending                            0x20000034   Data           4  tasks.o(.data)
    xNumOfOverflows                          0x20000038   Data           4  tasks.o(.data)
    uxTaskNumber                             0x2000003c   Data           4  tasks.o(.data)
    xNextTaskUnblockTime                     0x20000040   Data           4  tasks.o(.data)
    xIdleTaskHandle                          0x20000044   Data           4  tasks.o(.data)
    uxSchedulerSuspended                     0x2000004c   Data           4  tasks.o(.data)
    .data                                    0x20000050   Section        4  port.o(.data)
    uxCriticalNesting                        0x20000050   Data           4  port.o(.data)
    .data                                    0x20000054   Section       24  heap_2.o(.data)
    xStart                                   0x20000054   Data           8  heap_2.o(.data)
    xEnd                                     0x2000005c   Data           8  heap_2.o(.data)
    xFreeBytesRemaining                      0x20000064   Data           4  heap_2.o(.data)
    xHeapHasBeenInitialised                  0x20000068   Data           4  heap_2.o(.data)
    .data                                    0x2000006c   Section       20  timers.o(.data)
    pxCurrentTimerList                       0x2000006c   Data           4  timers.o(.data)
    pxOverflowTimerList                      0x20000070   Data           4  timers.o(.data)
    xTimerQueue                              0x20000074   Data           4  timers.o(.data)
    xTimerTaskHandle                         0x20000078   Data           4  timers.o(.data)
    xLastTime                                0x2000007c   Data           4  timers.o(.data)
    .data                                    0x20000080   Section        4  stdout.o(.data)
    .bss                                     0x20000084   Section      200  tasks.o(.bss)
    pxReadyTasksLists                        0x20000084   Data         100  tasks.o(.bss)
    xDelayedTaskList1                        0x200000e8   Data          20  tasks.o(.bss)
    xDelayedTaskList2                        0x200000fc   Data          20  tasks.o(.bss)
    xPendingReadyList                        0x20000110   Data          20  tasks.o(.bss)
    xTasksWaitingTermination                 0x20000124   Data          20  tasks.o(.bss)
    xSuspendedTaskList                       0x20000138   Data          20  tasks.o(.bss)
    .bss                                     0x2000014c   Section    17408  heap_2.o(.bss)
    ucHeap                                   0x2000014c   Data       17408  heap_2.o(.bss)
    .bss                                     0x2000454c   Section       40  timers.o(.bss)
    xActiveTimerList1                        0x2000454c   Data          20  timers.o(.bss)
    xActiveTimerList2                        0x20004560   Data          20  timers.o(.bss)
    STACK                                    0x20004578   Section      512  stm32f10x.o(STACK)

    Global Symbols

    Symbol Name                              Value     Ov Type        Size  Object(Section)

    BuildAttributes$$THM_ISAv4$P$D$K$B$S$PE$A:L22UL41UL21$X:L11$S22US41US21$IEEE1$IW$USESV6$~STKCKD$USESV7$~SHL$OSPACE$ROPI$EBA8$MICROLIB$REQ8$PRES8$EABIv2 0x00000000   Number         0  anon$$obj.o ABSOLUTE
    __ARM_use_no_argv                        0x00000000   Number         0  main.o ABSOLUTE
    _printf_a                                0x00000000   Number         0  stubs.o ABSOLUTE
    _printf_c                                0x00000000   Number         0  stubs.o ABSOLUTE
    _printf_charcount                        0x00000000   Number         0  stubs.o ABSOLUTE
    _printf_d                                0x00000000   Number         0  stubs.o ABSOLUTE
    _printf_e                                0x00000000   Number         0  stubs.o ABSOLUTE
    _printf_f                                0x00000000   Number         0  stubs.o ABSOLUTE
    _printf_flags                            0x00000000   Number         0  stubs.o ABSOLUTE
    _printf_fp_dec                           0x00000000   Number         0  stubs.o ABSOLUTE
    _printf_fp_hex                           0x00000000   Number         0  stubs.o ABSOLUTE
    _printf_g                                0x00000000   Number         0  stubs.o ABSOLUTE
    _printf_i                                0x00000000   Number         0  stubs.o ABSOLUTE
    _printf_int_dec                          0x00000000   Number         0  stubs.o ABSOLUTE
    _printf_l                                0x00000000   Number         0  stubs.o ABSOLUTE
    _printf_lc                               0x00000000   Number         0  stubs.o ABSOLUTE
    _printf_ll                               0x00000000   Number         0  stubs.o ABSOLUTE
    _printf_lld                              0x00000000   Number         0  stubs.o ABSOLUTE
    _printf_lli                              0x00000000   Number         0  stubs.o ABSOLUTE
    _printf_llo                              0x00000000   Number         0  stubs.o ABSOLUTE
    _printf_llu                              0x00000000   Number         0  stubs.o ABSOLUTE
    _printf_llx                              0x00000000   Number         0  stubs.o ABSOLUTE
    _printf_longlong_dec                     0x00000000   Number         0  stubs.o ABSOLUTE
    _printf_longlong_hex                     0x00000000   Number         0  stubs.o ABSOLUTE
    _printf_longlong_oct                     0x00000000   Number         0  stubs.o ABSOLUTE
    _printf_ls                               0x00000000   Number         0  stubs.o ABSOLUTE
    _printf_mbtowc                           0x00000000   Number         0  stubs.o ABSOLUTE
    _printf_n                                0x00000000   Number         0  stubs.o ABSOLUTE
    _printf_o                                0x00000000   Number         0  stubs.o ABSOLUTE
    _printf_p                                0x00000000   Number         0  stubs.o ABSOLUTE
    _printf_percent                          0x00000000   Number         0  stubs.o ABSOLUTE
    _printf_pre_padding                      0x00000000   Number         0  stubs.o ABSOLUTE
    _printf_return_value                     0x00000000   Number         0  stubs.o ABSOLUTE
    _printf_s                                0x00000000   Number         0  stubs.o ABSOLUTE
    _printf_sizespec                         0x00000000   Number         0  stubs.o ABSOLUTE
    _printf_str                              0x00000000   Number         0  stubs.o ABSOLUTE
    _printf_truncate_signed                  0x00000000   Number         0  stubs.o ABSOLUTE
    _printf_truncate_unsigned                0x00000000   Number         0  stubs.o ABSOLUTE
    _printf_u                                0x00000000   Number         0  stubs.o ABSOLUTE
    _printf_wc                               0x00000000   Number         0  stubs.o ABSOLUTE
    _printf_wctomb                           0x00000000   Number         0  stubs.o ABSOLUTE
    _printf_widthprec                        0x00000000   Number         0  stubs.o ABSOLUTE
    _printf_x                                0x00000000   Number         0  stubs.o ABSOLUTE
    __arm_fini_                               - Undefined Weak Reference
    __cpp_initialize__aeabi_                  - Undefined Weak Reference
    __cxa_finalize                            - Undefined Weak Reference
    __decompress                              - Undefined Weak Reference
    _clock_init                               - Undefined Weak Reference
    _microlib_exit                            - Undefined Weak Reference
    __Vectors                                0x08000000   Data           4  stm32f10x.o(RESET)
    __main                                   0x080000ed   Thumb Code     0  entry.o(.ARM.Collect$$$$00000000)
    _main_stk                                0x080000ed   Thumb Code     0  entry2.o(.ARM.Collect$$$$00000001)
    _main_scatterload                        0x080000f1   Thumb Code     0  entry5.o(.ARM.Collect$$$$00000004)
    __main_after_scatterload                 0x080000f5   Thumb Code     0  entry5.o(.ARM.Collect$$$$00000004)
    _main_clock                              0x080000f5   Thumb Code     0  entry7b.o(.ARM.Collect$$$$00000008)
    _main_cpp_init                           0x080000f5   Thumb Code     0  entry8b.o(.ARM.Collect$$$$0000000A)
    _main_init                               0x080000f5   Thumb Code     0  entry9a.o(.ARM.Collect$$$$0000000B)
    __rt_lib_shutdown_fini                   0x080000fd   Thumb Code     0  entry12b.o(.ARM.Collect$$$$0000000E)
    __rt_final_cpp                           0x08000101   Thumb Code     0  entry10a.o(.ARM.Collect$$$$0000000F)
    __rt_final_exit                          0x08000101   Thumb Code     0  entry11a.o(.ARM.Collect$$$$00000011)
    vPortSVCHandler                          0x08000105   Thumb Code    32  port.o(.emb_text)
    __asm___6_port_c_39a90d8d__prvStartFirstTask 0x08000129   Thumb Code    28  port.o(.emb_text)
    xPortPendSVHandler                       0x08000149   Thumb Code    72  port.o(.emb_text)
    vPortGetIPSR                             0x08000195   Thumb Code     6  port.o(.emb_text)
    Reset_Handler                            0x0800019d   Thumb Code     4  stm32f10x.o(.text)
    NMI_Handler                              0x080001a1   Thumb Code     2  stm32f10x.o(.text)
    HardFault_Handler                        0x080001a3   Thumb Code     2  stm32f10x.o(.text)
    MemManage_Handler                        0x080001a5   Thumb Code     2  stm32f10x.o(.text)
    BusFault_Handler                         0x080001a7   Thumb Code     2  stm32f10x.o(.text)
    UsageFault_Handler                       0x080001a9   Thumb Code     2  stm32f10x.o(.text)
    SVC_Handler                              0x080001ab   Thumb Code     2  stm32f10x.o(.text)
    DebugMon_Handler                         0x080001ad   Thumb Code     2  stm32f10x.o(.text)
    PendSV_Handler                           0x080001af   Thumb Code     2  stm32f10x.o(.text)
    SysTick_Handler                          0x080001b1   Thumb Code     2  stm32f10x.o(.text)
    ADC_IRQHandler                           0x080001b3   Thumb Code     0  stm32f10x.o(.text)
    CAN_RX1_IRQHandler                       0x080001b3   Thumb Code     0  stm32f10x.o(.text)
    CAN_SCE_IRQHandler                       0x080001b3   Thumb Code     0  stm32f10x.o(.text)
    DMAChannel1_IRQHandler                   0x080001b3   Thumb Code     0  stm32f10x.o(.text)
    DMAChannel2_IRQHandler                   0x080001b3   Thumb Code     0  stm32f10x.o(.text)
    DMAChannel3_IRQHandler                   0x080001b3   Thumb Code     0  stm32f10x.o(.text)
    DMAChannel4_IRQHandler                   0x080001b3   Thumb Code     0  stm32f10x.o(.text)
    DMAChannel5_IRQHandler                   0x080001b3   Thumb Code     0  stm32f10x.o(.text)
    DMAChannel6_IRQHandler                   0x080001b3   Thumb Code     0  stm32f10x.o(.text)
    DMAChannel7_IRQHandler                   0x080001b3   Thumb Code     0  stm32f10x.o(.text)
    EXTI15_10_IRQHandler                     0x080001b3   Thumb Code     0  stm32f10x.o(.text)
    EXTI1_IRQHandler                         0x080001b3   Thumb Code     0  stm32f10x.o(.text)
    EXTI2_IRQHandler                         0x080001b3   Thumb Code     0  stm32f10x.o(.text)
    EXTI3_IRQHandler                         0x080001b3   Thumb Code     0  stm32f10x.o(.text)
    EXTI4_IRQHandler                         0x080001b3   Thumb Code     0  stm32f10x.o(.text)
    EXTI9_5_IRQHandler                       0x080001b3   Thumb Code     0  stm32f10x.o(.text)
    FLASH_IRQHandler                         0x080001b3   Thumb Code     0  stm32f10x.o(.text)
    I2C1_ER_IRQHandler                       0x080001b3   Thumb Code     0  stm32f10x.o(.text)
    I2C1_EV_IRQHandler                       0x080001b3   Thumb Code     0  stm32f10x.o(.text)
    I2C2_ER_IRQHandler                       0x080001b3   Thumb Code     0  stm32f10x.o(.text)
    I2C2_EV_IRQHandler                       0x080001b3   Thumb Code     0  stm32f10x.o(.text)
    PVD_IRQHandler                           0x080001b3   Thumb Code     0  stm32f10x.o(.text)
    RCC_IRQHandler                           0x080001b3   Thumb Code     0  stm32f10x.o(.text)
    RTCAlarm_IRQHandler                      0x080001b3   Thumb Code     0  stm32f10x.o(.text)
    RTC_IRQHandler                           0x080001b3   Thumb Code     0  stm32f10x.o(.text)
    SPI1_IRQHandler                          0x080001b3   Thumb Code     0  stm32f10x.o(.text)
    SPI2_IRQHandler                          0x080001b3   Thumb Code     0  stm32f10x.o(.text)
    TAMPER_IRQHandler                        0x080001b3   Thumb Code     0  stm32f10x.o(.text)
    TIM1_BRK_IRQHandler                      0x080001b3   Thumb Code     0  stm32f10x.o(.text)
    TIM1_CC_IRQHandler                       0x080001b3   Thumb Code     0  stm32f10x.o(.text)
    TIM1_TRG_COM_IRQHandler                  0x080001b3   Thumb Code     0  stm32f10x.o(.text)
    TIM1_UP_IRQHandler                       0x080001b3   Thumb Code     0  stm32f10x.o(.text)
    TIM2_IRQHandler                          0x080001b3   Thumb Code     0  stm32f10x.o(.text)
    TIM3_IRQHandler                          0x080001b3   Thumb Code     0  stm32f10x.o(.text)
    TIM4_IRQHandler                          0x080001b3   Thumb Code     0  stm32f10x.o(.text)
    USART1_IRQHandler                        0x080001b3   Thumb Code     0  stm32f10x.o(.text)
    USART2_IRQHandler                        0x080001b3   Thumb Code     0  stm32f10x.o(.text)
    USART3_IRQHandler                        0x080001b3   Thumb Code     0  stm32f10x.o(.text)
    USBWakeUp_IRQHandler                     0x080001b3   Thumb Code     0  stm32f10x.o(.text)
    USB_HP_CAN_TX_IRQHandler                 0x080001b3   Thumb Code     0  stm32f10x.o(.text)
    USB_LP_CAN_RX0_IRQHandler                0x080001b3   Thumb Code     0  stm32f10x.o(.text)
    WWDG_IRQHandler                          0x080001b3   Thumb Code     0  stm32f10x.o(.text)
    __WFI                                    0x080001b9   Thumb Code     0  cortexm3_macro_rvds.o(.text)
    __WFE                                    0x080001bd   Thumb Code     0  cortexm3_macro_rvds.o(.text)
    __SEV                                    0x080001c1   Thumb Code     0  cortexm3_macro_rvds.o(.text)
    __ISB                                    0x080001c5   Thumb Code     0  cortexm3_macro_rvds.o(.text)
    __DSB                                    0x080001cb   Thumb Code     0  cortexm3_macro_rvds.o(.text)
    __DMB                                    0x080001d1   Thumb Code     0  cortexm3_macro_rvds.o(.text)
    __SVC                                    0x080001d7   Thumb Code     0  cortexm3_macro_rvds.o(.text)
    __MRS_CONTROL                            0x080001db   Thumb Code     0  cortexm3_macro_rvds.o(.text)
    __MSR_CONTROL                            0x080001e1   Thumb Code     0  cortexm3_macro_rvds.o(.text)
    __MRS_PSP                                0x080001eb   Thumb Code     0  cortexm3_macro_rvds.o(.text)
    __MSR_PSP                                0x080001f1   Thumb Code     0  cortexm3_macro_rvds.o(.text)
    __MRS_MSP                                0x080001f7   Thumb Code     0  cortexm3_macro_rvds.o(.text)
    __MSR_MSP                                0x080001fd   Thumb Code     0  cortexm3_macro_rvds.o(.text)
    __SETPRIMASK                             0x08000203   Thumb Code     0  cortexm3_macro_rvds.o(.text)
    __RESETPRIMASK                           0x08000207   Thumb Code     0  cortexm3_macro_rvds.o(.text)
    __SETFAULTMASK                           0x0800020b   Thumb Code     0  cortexm3_macro_rvds.o(.text)
    __RESETFAULTMASK                         0x0800020f   Thumb Code     0  cortexm3_macro_rvds.o(.text)
    __BASEPRICONFIG                          0x08000213   Thumb Code     0  cortexm3_macro_rvds.o(.text)
    __GetBASEPRI                             0x08000219   Thumb Code     0  cortexm3_macro_rvds.o(.text)
    __REV_HalfWord                           0x0800021f   Thumb Code     0  cortexm3_macro_rvds.o(.text)
    __REV_Word                               0x08000223   Thumb Code     0  cortexm3_macro_rvds.o(.text)
    USART_DeInit                             0x08000229   Thumb Code    88  stm32f10x_usart.o(.text)
    USART_Init                               0x08000281   Thumb Code   168  stm32f10x_usart.o(.text)
    USART_StructInit                         0x08000329   Thumb Code    32  stm32f10x_usart.o(.text)
    USART_Cmd                                0x08000349   Thumb Code    24  stm32f10x_usart.o(.text)
    USART_ITConfig                           0x08000361   Thumb Code    64  stm32f10x_usart.o(.text)
    USART_DMACmd                             0x080003a1   Thumb Code    18  stm32f10x_usart.o(.text)
    USART_SetAddress                         0x080003b3   Thumb Code    18  stm32f10x_usart.o(.text)
    USART_WakeUpConfig                       0x080003c5   Thumb Code    18  stm32f10x_usart.o(.text)
    USART_ReceiverWakeUpCmd                  0x080003d7   Thumb Code    24  stm32f10x_usart.o(.text)
    USART_LINBreakDetectLengthConfig         0x080003ef   Thumb Code    18  stm32f10x_usart.o(.text)
    USART_LINCmd                             0x08000401   Thumb Code    24  stm32f10x_usart.o(.text)
    USART_SendData                           0x08000419   Thumb Code     8  stm32f10x_usart.o(.text)
    USART_ReceiveData                        0x08000421   Thumb Code    10  stm32f10x_usart.o(.text)
    USART_SendBreak                          0x0800042b   Thumb Code    10  stm32f10x_usart.o(.text)
    USART_SetGuardTime                       0x08000435   Thumb Code    16  stm32f10x_usart.o(.text)
    USART_SetPrescaler                       0x08000445   Thumb Code    16  stm32f10x_usart.o(.text)
    USART_SmartCardCmd                       0x08000455   Thumb Code    24  stm32f10x_usart.o(.text)
    USART_SmartCardNACKCmd                   0x0800046d   Thumb Code    24  stm32f10x_usart.o(.text)
    USART_HalfDuplexCmd                      0x08000485   Thumb Code    24  stm32f10x_usart.o(.text)
    USART_IrDAConfig                         0x0800049d   Thumb Code    18  stm32f10x_usart.o(.text)
    USART_IrDACmd                            0x080004af   Thumb Code    24  stm32f10x_usart.o(.text)
    USART_GetFlagStatus                      0x080004c7   Thumb Code    18  stm32f10x_usart.o(.text)
    USART_ClearFlag                          0x080004d9   Thumb Code     8  stm32f10x_usart.o(.text)
    USART_GetITStatus                        0x080004e1   Thumb Code    76  stm32f10x_usart.o(.text)
    USART_ClearITPendingBit                  0x0800052d   Thumb Code    22  stm32f10x_usart.o(.text)
    GPIO_DeInit                              0x0800054d   Thumb Code   138  stm32f10x_gpio.o(.text)
    GPIO_AFIODeInit                          0x080005d7   Thumb Code    20  stm32f10x_gpio.o(.text)
    GPIO_Init                                0x080005eb   Thumb Code   278  stm32f10x_gpio.o(.text)
    GPIO_StructInit                          0x08000701   Thumb Code    16  stm32f10x_gpio.o(.text)
    GPIO_ReadInputDataBit                    0x08000711   Thumb Code    18  stm32f10x_gpio.o(.text)
    GPIO_ReadInputData                       0x08000723   Thumb Code     8  stm32f10x_gpio.o(.text)
    GPIO_ReadOutputDataBit                   0x0800072b   Thumb Code    18  stm32f10x_gpio.o(.text)
    GPIO_ReadOutputData                      0x0800073d   Thumb Code     8  stm32f10x_gpio.o(.text)
    GPIO_WriteBit                            0x08000745   Thumb Code    10  stm32f10x_gpio.o(.text)
    GPIO_Write                               0x0800074f   Thumb Code     4  stm32f10x_gpio.o(.text)
    GPIO_PinLockConfig                       0x08000753   Thumb Code    18  stm32f10x_gpio.o(.text)
    GPIO_EventOutputConfig                   0x08000765   Thumb Code    26  stm32f10x_gpio.o(.text)
    GPIO_EventOutputCmd                      0x0800077f   Thumb Code     6  stm32f10x_gpio.o(.text)
    GPIO_PinRemapConfig                      0x08000785   Thumb Code    86  stm32f10x_gpio.o(.text)
    GPIO_EXTILineConfig                      0x080007db   Thumb Code    66  stm32f10x_gpio.o(.text)
    NVIC_DeInit                              0x0800082d   Thumb Code    54  stm32f10x_nvic.o(.text)
    NVIC_SCBDeInit                           0x08000863   Thumb Code    76  stm32f10x_nvic.o(.text)
    NVIC_PriorityGroupConfig                 0x080008af   Thumb Code    12  stm32f10x_nvic.o(.text)
    NVIC_Init                                0x080008bb   Thumb Code   152  stm32f10x_nvic.o(.text)
    NVIC_StructInit                          0x08000953   Thumb Code    12  stm32f10x_nvic.o(.text)
    NVIC_SETPRIMASK                          0x0800095f   Thumb Code     8  stm32f10x_nvic.o(.text)
    NVIC_RESETPRIMASK                        0x08000967   Thumb Code     8  stm32f10x_nvic.o(.text)
    NVIC_SETFAULTMASK                        0x0800096f   Thumb Code     8  stm32f10x_nvic.o(.text)
    NVIC_RESETFAULTMASK                      0x08000977   Thumb Code     8  stm32f10x_nvic.o(.text)
    NVIC_BASEPRICONFIG                       0x0800097f   Thumb Code    12  stm32f10x_nvic.o(.text)
    NVIC_GetBASEPRI                          0x0800098b   Thumb Code     8  stm32f10x_nvic.o(.text)
    NVIC_GetCurrentPendingIRQChannel         0x08000993   Thumb Code    10  stm32f10x_nvic.o(.text)
    NVIC_GetIRQChannelPendingBitStatus       0x0800099d   Thumb Code    42  stm32f10x_nvic.o(.text)
    NVIC_SetIRQChannelPendingBit             0x080009c7   Thumb Code     6  stm32f10x_nvic.o(.text)
    NVIC_ClearIRQChannelPendingBit           0x080009cd   Thumb Code    20  stm32f10x_nvic.o(.text)
    NVIC_GetCurrentActiveHandler             0x080009e1   Thumb Code    10  stm32f10x_nvic.o(.text)
    NVIC_GetIRQChannelActiveBitStatus        0x080009eb   Thumb Code    42  stm32f10x_nvic.o(.text)
    NVIC_GetCPUID                            0x08000a15   Thumb Code     8  stm32f10x_nvic.o(.text)
    NVIC_SetVectorTable                      0x08000a1d   Thumb Code    22  stm32f10x_nvic.o(.text)
    NVIC_GenerateSystemReset                 0x08000a33   Thumb Code    12  stm32f10x_nvic.o(.text)
    NVIC_GenerateCoreReset                   0x08000a3f   Thumb Code    12  stm32f10x_nvic.o(.text)
    NVIC_SystemLPConfig                      0x08000a4b   Thumb Code    34  stm32f10x_nvic.o(.text)
    NVIC_SystemHandlerConfig                 0x08000a6d   Thumb Code    48  stm32f10x_nvic.o(.text)
    NVIC_SystemHandlerPriorityConfig         0x08000a9d   Thumb Code   110  stm32f10x_nvic.o(.text)
    NVIC_GetSystemHandlerPendingBitStatus    0x08000b0b   Thumb Code    44  stm32f10x_nvic.o(.text)
    NVIC_SetSystemHandlerPendingBit          0x08000b37   Thumb Code    22  stm32f10x_nvic.o(.text)
    NVIC_ClearSystemHandlerPendingBit        0x08000b4d   Thumb Code    26  stm32f10x_nvic.o(.text)
    NVIC_GetSystemHandlerActiveBitStatus     0x08000b67   Thumb Code    42  stm32f10x_nvic.o(.text)
    NVIC_GetFaultHandlerSources              0x08000b91   Thumb Code    66  stm32f10x_nvic.o(.text)
    NVIC_GetFaultAddress                     0x08000bd3   Thumb Code    28  stm32f10x_nvic.o(.text)
    RCC_DeInit                               0x08000c0d   Thumb Code    78  stm32f10x_rcc.o(.text)
    RCC_HSEConfig                            0x08000c5b   Thumb Code    70  stm32f10x_rcc.o(.text)
    RCC_AdjustHSICalibrationValue            0x08000ca1   Thumb Code    20  stm32f10x_rcc.o(.text)
    RCC_HSICmd                               0x08000cb5   Thumb Code     6  stm32f10x_rcc.o(.text)
    RCC_PLLConfig                            0x08000cbb   Thumb Code    24  stm32f10x_rcc.o(.text)
    RCC_PLLCmd                               0x08000cd3   Thumb Code     6  stm32f10x_rcc.o(.text)
    RCC_SYSCLKConfig                         0x08000cd9   Thumb Code    18  stm32f10x_rcc.o(.text)
    RCC_GetSYSCLKSource                      0x08000ceb   Thumb Code    10  stm32f10x_rcc.o(.text)
    RCC_HCLKConfig                           0x08000cf5   Thumb Code    18  stm32f10x_rcc.o(.text)
    RCC_PCLK1Config                          0x08000d07   Thumb Code    18  stm32f10x_rcc.o(.text)
    RCC_PCLK2Config                          0x08000d19   Thumb Code    20  stm32f10x_rcc.o(.text)
    RCC_ITConfig                             0x08000d2d   Thumb Code    26  stm32f10x_rcc.o(.text)
    RCC_USBCLKConfig                         0x08000d47   Thumb Code     8  stm32f10x_rcc.o(.text)
    RCC_ADCCLKConfig                         0x08000d4f   Thumb Code    18  stm32f10x_rcc.o(.text)
    RCC_LSEConfig                            0x08000d61   Thumb Code    50  stm32f10x_rcc.o(.text)
    RCC_LSICmd                               0x08000d93   Thumb Code     6  stm32f10x_rcc.o(.text)
    RCC_RTCCLKConfig                         0x08000d99   Thumb Code    12  stm32f10x_rcc.o(.text)
    RCC_RTCCLKCmd                            0x08000da5   Thumb Code     8  stm32f10x_rcc.o(.text)
    RCC_GetClocksFreq                        0x08000dad   Thumb Code   192  stm32f10x_rcc.o(.text)
    RCC_AHBPeriphClockCmd                    0x08000e6d   Thumb Code    26  stm32f10x_rcc.o(.text)
    RCC_APB2PeriphClockCmd                   0x08000e87   Thumb Code    26  stm32f10x_rcc.o(.text)
    RCC_APB1PeriphClockCmd                   0x08000ea1   Thumb Code    26  stm32f10x_rcc.o(.text)
    RCC_APB2PeriphResetCmd                   0x08000ebb   Thumb Code    26  stm32f10x_rcc.o(.text)
    RCC_APB1PeriphResetCmd                   0x08000ed5   Thumb Code    26  stm32f10x_rcc.o(.text)
    RCC_BackupResetCmd                       0x08000eef   Thumb Code     8  stm32f10x_rcc.o(.text)
    RCC_ClockSecuritySystemCmd               0x08000ef7   Thumb Code     6  stm32f10x_rcc.o(.text)
    RCC_MCOConfig                            0x08000efd   Thumb Code     6  stm32f10x_rcc.o(.text)
    RCC_GetFlagStatus                        0x08000f03   Thumb Code    56  stm32f10x_rcc.o(.text)
    RCC_ClearFlag                            0x08000f3b   Thumb Code    14  stm32f10x_rcc.o(.text)
    RCC_GetITStatus                          0x08000f49   Thumb Code    20  stm32f10x_rcc.o(.text)
    RCC_ClearITPendingBit                    0x08000f5d   Thumb Code     6  stm32f10x_rcc.o(.text)
    SysTick_CLKSourceConfig                  0x08000f89   Thumb Code    40  stm32f10x_systick.o(.text)
    SysTick_SetReload                        0x08000fb1   Thumb Code     8  stm32f10x_systick.o(.text)
    SysTick_CounterCmd                       0x08000fb9   Thumb Code    52  stm32f10x_systick.o(.text)
    SysTick_ITConfig                         0x08000fed   Thumb Code    38  stm32f10x_systick.o(.text)
    SysTick_GetCounter                       0x08001013   Thumb Code     8  stm32f10x_systick.o(.text)
    SysTick_GetFlagStatus                    0x0800101b   Thumb Code    50  stm32f10x_systick.o(.text)
    EXTI_DeInit                              0x0800104d   Thumb Code    28  stm32f10x_exti.o(.text)
    EXTI_Init                                0x08001069   Thumb Code   148  stm32f10x_exti.o(.text)
    EXTI_StructInit                          0x080010fd   Thumb Code    16  stm32f10x_exti.o(.text)
    EXTI_GenerateSWInterrupt                 0x0800110d   Thumb Code    16  stm32f10x_exti.o(.text)
    EXTI_GetFlagStatus                       0x0800111d   Thumb Code    22  stm32f10x_exti.o(.text)
    EXTI_ClearFlag                           0x08001133   Thumb Code     8  stm32f10x_exti.o(.text)
    EXTI_GetITStatus                         0x0800113b   Thumb Code    34  stm32f10x_exti.o(.text)
    EXTI_ClearITPendingBit                   0x0800115d   Thumb Code     8  stm32f10x_exti.o(.text)
    SerialPortInit                           0x08001171   Thumb Code   138  serial.o(.text)
    fputc                                    0x080011fb   Thumb Code    20  serial.o(.text)
    Task1Function                            0x08001219   Thumb Code    10  main.o(.text)
    Task2Function                            0x08001223   Thumb Code    10  main.o(.text)
    MyTimerCallbackFunction                  0x0800122d   Thumb Code    40  main.o(.text)
    KeyInit                                  0x08001255   Thumb Code    32  main.o(.text)
    KeyIntInit                               0x08001275   Thumb Code    76  main.o(.text)
    EXTI0_IRQHandler                         0x080012c1   Thumb Code    60  main.o(.text)
    main                                     0x0800138b   Thumb Code    74  main.o(.text)
    xTaskCreate                              0x080015d9   Thumb Code    96  tasks.o(.text)
    vTaskDelete                              0x08001673   Thumb Code   166  tasks.o(.text)
    xTaskIncrementTick                       0x08001719   Thumb Code   438  tasks.o(.text)
    xTaskResumeAll                           0x080018cf   Thumb Code   310  tasks.o(.text)
    vTaskSuspendAll                          0x08001aa9   Thumb Code    12  tasks.o(.text)
    xTaskDelayUntil                          0x08001ab5   Thumb Code   108  tasks.o(.text)
    vTaskDelay                               0x08001b21   Thumb Code    46  tasks.o(.text)
    uxTaskPriorityGet                        0x08001b4f   Thumb Code    30  tasks.o(.text)
    uxTaskPriorityGetFromISR                 0x08001b6d   Thumb Code    52  tasks.o(.text)
    vTaskPrioritySet                         0x08001ba1   Thumb Code   328  tasks.o(.text)
    vTaskSwitchContext                       0x08001ce9   Thumb Code    76  tasks.o(.text)
    vTaskSuspend                             0x08001d35   Thumb Code   188  tasks.o(.text)
    vTaskResume                              0x08001e29   Thumb Code   156  tasks.o(.text)
    xTaskResumeFromISR                       0x08001ec5   Thumb Code   190  tasks.o(.text)
    vTaskStartScheduler                      0x08001fdf   Thumb Code    86  tasks.o(.text)
    vTaskEndScheduler                        0x08002035   Thumb Code    32  tasks.o(.text)
    xTaskGetTickCount                        0x08002055   Thumb Code     6  tasks.o(.text)
    xTaskGetTickCountFromISR                 0x0800205b   Thumb Code     8  tasks.o(.text)
    uxTaskGetNumberOfTasks                   0x08002063   Thumb Code     6  tasks.o(.text)
    pcTaskGetName                            0x08002069   Thumb Code    20  tasks.o(.text)
    xTaskCatchUpTicks                        0x0800207d   Thumb Code    28  tasks.o(.text)
    vTaskPlaceOnEventList                    0x08002099   Thumb Code   108  tasks.o(.text)
    vTaskPlaceOnUnorderedEventList           0x08002105   Thumb Code    74  tasks.o(.text)
    vTaskPlaceOnEventListRestricted          0x0800214f   Thumb Code    70  tasks.o(.text)
    xTaskRemoveFromEventList                 0x08002195   Thumb Code   240  tasks.o(.text)
    vTaskRemoveFromUnorderedEventList        0x08002285   Thumb Code   190  tasks.o(.text)
    vTaskSetTimeOutState                     0x08002343   Thumb Code    26  tasks.o(.text)
    vTaskInternalSetTimeOutState             0x0800235d   Thumb Code    14  tasks.o(.text)
    xTaskCheckForTimeOut                     0x0800236b   Thumb Code    88  tasks.o(.text)
    vTaskMissedYield                         0x080023c3   Thumb Code     8  tasks.o(.text)
    xTaskGetSchedulerState                   0x080023cb   Thumb Code    24  tasks.o(.text)
    uxTaskResetEventItemValue                0x080023e3   Thumb Code    24  tasks.o(.text)
    ulTaskGenericNotifyTake                  0x080023fb   Thumb Code   128  tasks.o(.text)
    xTaskGenericNotifyWait                   0x0800247b   Thumb Code   206  tasks.o(.text)
    xTaskGenericNotify                       0x08002549   Thumb Code   314  tasks.o(.text)
    xTaskGenericNotifyFromISR                0x08002683   Thumb Code   480  tasks.o(.text)
    vTaskGenericNotifyGiveFromISR            0x08002863   Thumb Code   344  tasks.o(.text)
    xTaskGenericNotifyStateClear             0x080029bb   Thumb Code    58  tasks.o(.text)
    ulTaskGenericNotifyValueClear            0x080029f5   Thumb Code    58  tasks.o(.text)
    vListInitialise                          0x08002a41   Thumb Code    26  list.o(.text)
    vListInitialiseItem                      0x08002a5b   Thumb Code     6  list.o(.text)
    vListInsertEnd                           0x08002a61   Thumb Code    24  list.o(.text)
    vListInsert                              0x08002a79   Thumb Code    52  list.o(.text)
    uxListRemove                             0x08002aad   Thumb Code    40  list.o(.text)
    xQueueGenericReset                       0x08002ad5   Thumb Code   156  queue.o(.text)
    xQueueGenericCreate                      0x08002b97   Thumb Code    76  queue.o(.text)
    xQueueGenericSend                        0x08002ce9   Thumb Code   276  queue.o(.text)
    xQueueGenericSendFromISR                 0x08002dfd   Thumb Code   138  queue.o(.text)
    xQueueGiveFromISR                        0x08002e87   Thumb Code   120  queue.o(.text)
    xQueueReceive                            0x08002f4b   Thumb Code   256  queue.o(.text)
    xQueueSemaphoreTake                      0x0800304b   Thumb Code   234  queue.o(.text)
    xQueuePeek                               0x08003135   Thumb Code   262  queue.o(.text)
    xQueueReceiveFromISR                     0x0800323b   Thumb Code   130  queue.o(.text)
    xQueuePeekFromISR                        0x080032bd   Thumb Code    74  queue.o(.text)
    uxQueueMessagesWaiting                   0x08003307   Thumb Code    18  queue.o(.text)
    uxQueueSpacesAvailable                   0x08003319   Thumb Code    24  queue.o(.text)
    uxQueueMessagesWaitingFromISR            0x08003331   Thumb Code     8  queue.o(.text)
    vQueueDelete                             0x08003339   Thumb Code    14  queue.o(.text)
    xQueueIsQueueEmptyFromISR                0x08003347   Thumb Code    16  queue.o(.text)
    xQueueIsQueueFullFromISR                 0x08003357   Thumb Code    26  queue.o(.text)
    vQueueWaitForMessageRestricted           0x08003371   Thumb Code    74  queue.o(.text)
    pxPortInitialiseStack                    0x080033d3   Thumb Code    30  port.o(.text)
    vPortSetupTimerInterrupt                 0x080033f1   Thumb Code    20  port.o(.text)
    xPortStartScheduler                      0x08003405   Thumb Code    42  port.o(.text)
    vPortEndScheduler                        0x0800342f   Thumb Code     2  port.o(.text)
    vPortEnterCritical                       0x08003431   Thumb Code    30  port.o(.text)
    vPortExitCritical                        0x0800344f   Thumb Code    28  port.o(.text)
    xPortSysTickHandler                      0x0800346b   Thumb Code    48  port.o(.text)
    pvPortMalloc                             0x080034d7   Thumb Code   190  heap_2.o(.text)
    vPortFree                                0x08003595   Thumb Code    56  heap_2.o(.text)
    xPortGetFreeHeapSize                     0x080035cd   Thumb Code     6  heap_2.o(.text)
    vPortInitialiseBlocks                    0x080035d3   Thumb Code     2  heap_2.o(.text)
    xTimerCreateTimerTask                    0x080038d1   Thumb Code    40  timers.o(.text)
    xTimerCreate                             0x08003931   Thumb Code    54  timers.o(.text)
    xTimerGenericCommand                     0x08003967   Thumb Code   102  timers.o(.text)
    xTimerGetTimerDaemonTaskHandle           0x080039cd   Thumb Code     6  timers.o(.text)
    xTimerGetPeriod                          0x080039d3   Thumb Code     8  timers.o(.text)
    vTimerSetReloadMode                      0x080039db   Thumb Code    92  timers.o(.text)
    uxTimerGetReloadMode                     0x08003a37   Thumb Code    34  timers.o(.text)
    xTimerGetExpiryTime                      0x08003a59   Thumb Code     8  timers.o(.text)
    pcTimerGetName                           0x08003a61   Thumb Code     8  timers.o(.text)
    xTimerIsTimerActive                      0x08003a69   Thumb Code    34  timers.o(.text)
    pvTimerGetTimerID                        0x08003a8b   Thumb Code    20  timers.o(.text)
    vTimerSetTimerID                         0x08003a9f   Thumb Code    20  timers.o(.text)
    __aeabi_memcpy                           0x08003ab3   Thumb Code    36  memcpya.o(.text)
    __aeabi_memcpy4                          0x08003ab3   Thumb Code     0  memcpya.o(.text)
    __aeabi_memcpy8                          0x08003ab3   Thumb Code     0  memcpya.o(.text)
    __aeabi_uidiv                            0x08003ad7   Thumb Code     0  uidiv.o(.text)
    __aeabi_uidivmod                         0x08003ad7   Thumb Code    44  uidiv.o(.text)
    __scatterload                            0x08003b05   Thumb Code    28  init.o(.text)
    __scatterload_rt2                        0x08003b05   Thumb Code     0  init.o(.text)
    __0printf$1                              0x08003b29   Thumb Code    22  printf1.o(i.__0printf$1)
    __1printf$1                              0x08003b29   Thumb Code     0  printf1.o(i.__0printf$1)
    __2printf                                0x08003b29   Thumb Code     0  printf1.o(i.__0printf$1)
    __scatterload_copy                       0x08003b49   Thumb Code    14  handlers.o(i.__scatterload_copy)
    __scatterload_null                       0x08003b57   Thumb Code     2  handlers.o(i.__scatterload_null)
    __scatterload_zeroinit                   0x08003b59   Thumb Code    14  handlers.o(i.__scatterload_zeroinit)
    Region$$Table$$Base                      0x08003cd0   Number         0  anon$$obj.o(Region$$Table)
    Region$$Table$$Limit                     0x08003cf0   Number         0  anon$$obj.o(Region$$Table)
    pxCurrentTCB                             0x20000010   Data           4  tasks.o(.data)
    uxTopUsedPriority                        0x20000048   Data           4  tasks.o(.data)
    __stdout                                 0x20000080   Data           4  stdout.o(.data)
    __initial_sp                             0x20004778   Data           0  stm32f10x.o(STACK)



==============================================================================

Memory Map of the image

  Image Entry point : 0x080000ed

  Load Region LR_IROM1 (Base: 0x08000000, Size: 0x00003d74, Max: 0x00080000, ABSOLUTE)

    Execution Region ER_IROM1 (Exec base: 0x08000000, Load base: 0x08000000, Size: 0x00003cf0, Max: 0x00080000, ABSOLUTE)

    Exec Addr    Load Addr    Size         Type   Attr      Idx    E Section Name        Object

    0x08000000   0x08000000   0x000000ec   Data   RO            3    RESET               stm32f10x.o
    0x080000ec   0x080000ec   0x00000000   Code   RO          412  * .ARM.Collect$$$$00000000  mc_w.l(entry.o)
    0x080000ec   0x080000ec   0x00000004   Code   RO          680    .ARM.Collect$$$$00000001  mc_w.l(entry2.o)
    0x080000f0   0x080000f0   0x00000004   Code   RO          683    .ARM.Collect$$$$00000004  mc_w.l(entry5.o)
    0x080000f4   0x080000f4   0x00000000   Code   RO          685    .ARM.Collect$$$$00000008  mc_w.l(entry7b.o)
    0x080000f4   0x080000f4   0x00000000   Code   RO          687    .ARM.Collect$$$$0000000A  mc_w.l(entry8b.o)
    0x080000f4   0x080000f4   0x00000008   Code   RO          688    .ARM.Collect$$$$0000000B  mc_w.l(entry9a.o)
    0x080000fc   0x080000fc   0x00000004   Code   RO          695    .ARM.Collect$$$$0000000E  mc_w.l(entry12b.o)
    0x08000100   0x08000100   0x00000000   Code   RO          690    .ARM.Collect$$$$0000000F  mc_w.l(entry10a.o)
    0x08000100   0x08000100   0x00000000   Code   RO          692    .ARM.Collect$$$$00000011  mc_w.l(entry11a.o)
    0x08000100   0x08000100   0x00000004   Code   RO          681    .ARM.Collect$$$$00002712  mc_w.l(entry2.o)
    0x08000104   0x08000104   0x00000096   Code   RO          328    .emb_text           port.o
    0x0800019a   0x0800019a   0x00000002   PAD
    0x0800019c   0x0800019c   0x0000001c   Code   RO            4    .text               stm32f10x.o
    0x080001b8   0x080001b8   0x0000006e   Code   RO           10    .text               cortexm3_macro_rvds.o
    0x08000226   0x08000226   0x00000002   PAD
    0x08000228   0x08000228   0x00000324   Code   RO           13    .text               stm32f10x_usart.o
    0x0800054c   0x0800054c   0x000002e0   Code   RO           44    .text               stm32f10x_gpio.o
    0x0800082c   0x0800082c   0x000003e0   Code   RO           83    .text               stm32f10x_nvic.o
    0x08000c0c   0x08000c0c   0x0000037c   Code   RO           95    .text               stm32f10x_rcc.o
    0x08000f88   0x08000f88   0x000000c4   Code   RO          121    .text               stm32f10x_systick.o
    0x0800104c   0x0800104c   0x00000124   Code   RO          150    .text               stm32f10x_exti.o
    0x08001170   0x08001170   0x000000a8   Code   RO          162    .text               serial.o
    0x08001218   0x08001218   0x00000228   Code   RO          220    .text               main.o
    0x08001440   0x08001440   0x00001600   Code   RO          243    .text               tasks.o
    0x08002a40   0x08002a40   0x00000094   Code   RO          286    .text               list.o
    0x08002ad4   0x08002ad4   0x000008e6   Code   RO          301    .text               queue.o
    0x080033ba   0x080033ba   0x00000002   PAD
    0x080033bc   0x080033bc   0x000000f0   Code   RO          329    .text               port.o
    0x080034ac   0x080034ac   0x0000013c   Code   RO          364    .text               heap_2.o
    0x080035e8   0x080035e8   0x000004ca   Code   RO          394    .text               timers.o
    0x08003ab2   0x08003ab2   0x00000024   Code   RO          415    .text               mc_w.l(memcpya.o)
    0x08003ad6   0x08003ad6   0x0000002c   Code   RO          697    .text               mc_w.l(uidiv.o)
    0x08003b02   0x08003b02   0x00000002   PAD
    0x08003b04   0x08003b04   0x00000024   Code   RO          712    .text               mc_w.l(init.o)
    0x08003b28   0x08003b28   0x00000020   Code   RO          464    i.__0printf$1       mc_w.l(printf1.o)
    0x08003b48   0x08003b48   0x0000000e   Code   RO          724    i.__scatterload_copy  mc_w.l(handlers.o)
    0x08003b56   0x08003b56   0x00000002   Code   RO          725    i.__scatterload_null  mc_w.l(handlers.o)
    0x08003b58   0x08003b58   0x0000000e   Code   RO          726    i.__scatterload_zeroinit  mc_w.l(handlers.o)
    0x08003b66   0x08003b66   0x00000002   PAD
    0x08003b68   0x08003b68   0x00000154   Code   RO          471    i._printf_core      mc_w.l(printf1.o)
    0x08003cbc   0x08003cbc   0x00000014   Data   RO           96    .constdata          stm32f10x_rcc.o
    0x08003cd0   0x08003cd0   0x00000020   Data   RO          722    Region$$Table       anon$$obj.o


    Execution Region RW_IRAM1 (Exec base: 0x20000000, Load base: 0x08003cf0, Size: 0x00004778, Max: 0x00010000, ABSOLUTE)

    Exec Addr    Load Addr    Size         Type   Attr      Idx    E Section Name        Object

    0x20000000   0x08003cf0   0x00000010   Data   RW          221    .data               main.o
    0x20000010   0x08003d00   0x00000040   Data   RW          245    .data               tasks.o
    0x20000050   0x08003d40   0x00000004   Data   RW          330    .data               port.o
    0x20000054   0x08003d44   0x00000018   Data   RW          366    .data               heap_2.o
    0x2000006c   0x08003d5c   0x00000014   Data   RW          396    .data               timers.o
    0x20000080   0x08003d70   0x00000004   Data   RW          696    .data               mc_w.l(stdout.o)
    0x20000084        -       0x000000c8   Zero   RW          244    .bss                tasks.o
    0x2000014c        -       0x00004400   Zero   RW          365    .bss                heap_2.o
    0x2000454c        -       0x00000028   Zero   RW          395    .bss                timers.o
    0x20004574   0x08003d74   0x00000004   PAD
    0x20004578        -       0x00000200   Zero   RW            1    STACK               stm32f10x.o


==============================================================================

Image component sizes


      Code (inc. data)   RO Data    RW Data    ZI Data      Debug   Object Name

       110          0          0          0          0        456   cortexm3_macro_rvds.o
       316         20          0         24      17408       3304   heap_2.o
       148          0          0          0          0       1994   list.o
       552        108          0         16          0       4559   main.o
       390         30          0          4          0       7320   port.o
      2278         10          0          0          0      27133   queue.o
       168         10          0          0          0      22403   serial.o
        28          4        236          0        512        824   stm32f10x.o
       292         12          0          0          0       2251   stm32f10x_exti.o
       736         16          0          0          0       9655   stm32f10x_gpio.o
         0          0          0          0          0       8364   stm32f10x_lib.o
       992         30          0          0          0       7320   stm32f10x_nvic.o
       892         38         20          0          0       8498   stm32f10x_rcc.o
       196          0          0          0          0       1637   stm32f10x_systick.o
       804         10          0          0          0      30453   stm32f10x_usart.o
      5632        314          0         64        200      36353   tasks.o
      1226         56          0         20         40      11220   timers.o

    ----------------------------------------------------------------------
     14766        658        288        128      18164     183744   Object Totals
         0          0         32          0          0          0   (incl. Generated)
         6          0          0          0          4          0   (incl. Padding)

    ----------------------------------------------------------------------

      Code (inc. data)   RO Data    RW Data    ZI Data      Debug   Library Member Name

         0          0          0          0          0          0   entry.o
         0          0          0          0          0          0   entry10a.o
         0          0          0          0          0          0   entry11a.o
         4          0          0          0          0          0   entry12b.o
         8          4          0          0          0          0   entry2.o
         4          0          0          0          0          0   entry5.o
         0          0          0          0          0          0   entry7b.o
         0          0          0          0          0          0   entry8b.o
         8          4          0          0          0          0   entry9a.o
        30          0          0          0          0          0   handlers.o
        36          8          0          0          0         68   init.o
        36          0          0          0          0         68   memcpya.o
       372         14          0          0          0        184   printf1.o
         0          0          0          4          0          0   stdout.o
        44          0          0          0          0         80   uidiv.o

    ----------------------------------------------------------------------
       546         30          0          4          0        400   Library Totals
         4          0          0          0          0          0   (incl. Padding)

    ----------------------------------------------------------------------

      Code (inc. data)   RO Data    RW Data    ZI Data      Debug   Library Name

       542         30          0          4          0        400   mc_w.l

    ----------------------------------------------------------------------
       546         30          0          4          0        400   Library Totals

    ----------------------------------------------------------------------

==============================================================================


      Code (inc. data)   RO Data    RW Data    ZI Data      Debug   

     15312        688        288        132      18164     182216   Grand Totals
     15312        688        288        132      18164     182216   ELF Image Totals
     15312        688        288        132          0          0   ROM Totals

==============================================================================

    Total RO  Size (Code + RO Data)                15600 (  15.23kB)
    Total RW  Size (RW Data + ZI Data)             18296 (  17.87kB)
    Total ROM Size (Code + RO Data + RW Data)      15732 (  15.36kB)

==============================================================================

