<html>
<body>
<pre>
<h1>µVision Build Log</h1>
<h2>Tool Versions:</h2>
IDE-Version: ¦ÌVision V5.38.0.0
Copyright (C) 2022 ARM Ltd and ARM Germany GmbH. All rights reserved.
License Information: 2323 23, 23, LIC=8MZI6-DPU43-KUS4L-01RPT-2UWX4-4A4SQ
 
Tool Versions:
Toolchain:       MDK-ARM Professional  Version: 5.38.0.0
Toolchain Path:  d:\Keil_v5\ARM\ARMCC\Bin
C Compiler:      Armcc.exe V5.06 update 7 (build 960)
Assembler:       Armasm.exe V5.06 update 7 (build 960)
Linker/Locator:  ArmLink.exe V5.06 update 7 (build 960)
Library Manager: ArmAr.exe V5.06 update 7 (build 960)
Hex Converter:   FromElf.exe V5.06 update 7 (build 960)
CPU DLL:         SARMCM3.DLL V5.38.0.0
Dialog DLL:      DARMSTM.DLL V1.69.1.0
Target DLL:      STLink\ST-LINKIII-KEIL_SWO.dll V3.1.0.0
Dialog DLL:      TCM.DLL V1.56.4.0
 
<h2>Project:</h2>
C:\Users\Admin\Desktop\FreeRtos_100ask\08_freertos_example_task_status\FreeRTOS\Demo\CORTEX_STM32F103_Keil\RTOSDemo.uvprojx
Project File Date:  03/16/2024

<h2>Output:</h2>
*** Using Compiler 'V5.06 update 7 (build 960)', folder: 'd:\Keil_v5\ARM\ARMCC\Bin'
Rebuild target 'Target 1'
compiling stm32f10x_rcc.c...
compiling stm32f10x_gpio.c...
assembling cortexm3_macro_rvds.s...
assembling STM32F10x.s...
compiling stm32f10x_spi.c...
compiling stm32f10x_systick.c...
compiling stm32f10x_lib.c...
compiling serial.c...
compiling stm32f10x_tim.c...
compiling stm32f10x_usart.c...
compiling main.c...
main.c(99): warning:  #550-D: variable "task1flagrun"  was set but never used
  static int task1flagrun = 0;
main.c(100): warning:  #550-D: variable "task2flagrun"  was set but never used
  static int task2flagrun = 0;
main.c(101): warning:  #550-D: variable "task3flagrun"  was set but never used
  static int task3flagrun = 0;
main.c: 3 warnings, 0 errors
compiling stm32f10x_nvic.c...
compiling list.c...
compiling tasks.c...
compiling heap_2.c...
compiling queue.c...
compiling port.c...
linking...
Program Size: Code=11084 RO-data=288 RW-data=116 ZI-data=19076  
".\RTOSDemo.axf" - 0 Error(s), 3 Warning(s).

<h2>Software Packages used:</h2>

Package Vendor: Keil
                https://www.keil.com/pack/Keil.STM32F1xx_DFP.2.4.1.pack
                Keil.STM32F1xx_DFP.2.4.1
                STMicroelectronics STM32F1 Series Device Support, Drivers and Examples

<h2>Collection of Component include folders:</h2>
  D:/Arm/Packs/Keil/STM32F1xx_DFP/2.4.1/Device/Include

<h2>Collection of Component Files used:</h2>
Build Time Elapsed:  00:00:01
</pre>
</body>
</html>
